<html>
<body>
<pre>
<h1>礦ision Build Log</h1>
<h2>Tool Versions:</h2>
IDE-Version: μVision V5.14.0.0
Copyright (C) 2015 ARM Ltd and ARM Germany GmbH. All rights reserved.
License Information: y yy, Microsoft, LIC=JDAUH-WMJEA-TKIB9-4CRZ2-UNX0I-LSA5S
 
Tool Versions:
Toolchain:       MDK-ARM Professional  Version: 5.14.0.0
Toolchain Path:  C:\Keil_v5\ARM\ARMCC\Bin
C Compiler:      Armcc.exe V5.05 update 1 (build 106)
Assembler:       Armasm.exe V5.05 update 1 (build 106)
Linker/Locator:  ArmLink.exe V5.05 update 1 (build 106)
Library Manager: ArmAr.exe V5.05 update 1 (build 106)
Hex Converter:   FromElf.exe V5.05 update 1 (build 106)
CPU DLL:         SARMCM3.DLL V5.14.0.0
Dialog DLL:      DARMSTM.DLL V1.65.0.0
Target DLL:      Segger\JL2CM3.dll V2.99.13.0
Dialog DLL:      TARMSTM.DLL V1.64.0.0
 
<h2>Project:</h2>
D:\yyy\yyy\yyyhust\大三下\计算机网络\大作业\红外\发送(51)+接收(stm32)代码\HWJM\USER\REMOTE.uvprojx
Project File Date:  04/05/2018

<h2>Output:</h2>
Build target 'REMOTE'
compiling remote.c...
linking...
Program Size: Code=31192 RO-data=6456 RW-data=68 ZI-data=1852  
FromELF: creating hex file...
"..\OBJ\REMOTE.axf" - 0 Error(s), 0 Warning(s).

<h2>Collection of Component include folders:</h2>
  D:\yyy\yyy\yyyhust\大三下\计算机网络\大作业\红外\发送(51)+接收(stm32)代码\HWJM\USER\RTE
  C:\Keil_v5\ARM\PACK\Keil\STM32F1xx_DFP\2.2.0

<h2>Collection of Component Files used:</h2>
</pre>
</body>
</html>
